// Vitest Snapshot v1, https://vitest.dev/guide/snapshot.html

exports[`CharactersTable > renders empty 1`] = `
<div>
  <table>
    <thead>
      <tr>
        <th>
          ID â–¾
        </th>
        <th>
          Name
        </th>
        <th>
          Class
        </th>
        <th>
          Level
        </th>
        <th>
          Actions
        </th>
      </tr>
    </thead>
    <tbody>
      <tr>
        <td
          colspan="5"
          style="text-align: center;"
        >
          No data
        </td>
      </tr>
    </tbody>
  </table>
</div>
`;
